MeeReizen Groei Run Tue Apr 21 08:00:01 AM UTC 2026
MeeReizen Groei Run Tue Apr 21 12:00:01 PM UTC 2026
MeeReizen Groei Run Tue Apr 21 08:00:01 PM UTC 2026
MeeReizen Groei Run Wed Apr 22 08:00:01 AM UTC 2026
MeeReizen Groei Run Wed Apr 22 12:00:01 PM UTC 2026
MeeReizen Groei Run Wed Apr 22 04:00:01 PM UTC 2026
MeeReizen Groei Run Wed Apr 22 08:00:01 PM UTC 2026
MeeReizen Groei Run Thu Apr 23 08:00:01 AM UTC 2026
MeeReizen Groei Run Thu Apr 23 12:00:01 PM UTC 2026
MeeReizen Groei Run Thu Apr 23 04:00:01 PM UTC 2026
MeeReizen Groei Run Thu Apr 23 08:00:01 PM UTC 2026
MeeReizen Groei Run Fri Apr 24 08:00:02 AM UTC 2026
MeeReizen Groei Run Fri Apr 24 12:00:01 PM UTC 2026
MeeReizen Groei Run Fri Apr 24 04:00:01 PM UTC 2026
MeeReizen Groei Run Fri Apr 24 08:00:01 PM UTC 2026
MeeReizen Groei Run Sat Apr 25 08:00:01 AM UTC 2026
MeeReizen Groei Run Sat Apr 25 12:00:01 PM UTC 2026
MeeReizen Groei Run Sat Apr 25 04:00:01 PM UTC 2026
MeeReizen Groei Run Sat Apr 25 08:00:01 PM UTC 2026
MeeReizen Groei Run Sun Apr 26 08:00:01 AM UTC 2026
MeeReizen Groei Run Sun Apr 26 12:00:01 PM UTC 2026
MeeReizen Groei Run Sun Apr 26 04:00:01 PM UTC 2026
MeeReizen Groei Run Sun Apr 26 08:00:01 PM UTC 2026
MeeReizen Groei Run Mon Apr 27 08:00:01 AM UTC 2026
MeeReizen Groei Run Mon Apr 27 12:00:01 PM UTC 2026
MeeReizen Groei Run Mon Apr 27 04:00:01 PM UTC 2026
MeeReizen Groei Run Mon Apr 27 08:00:01 PM UTC 2026
MeeReizen Groei Run Tue Apr 28 08:00:01 AM UTC 2026
MeeReizen Groei Run Tue Apr 28 12:00:01 PM UTC 2026
MeeReizen Groei Run Tue Apr 28 04:00:01 PM UTC 2026
MeeReizen Groei Run Tue Apr 28 08:00:01 PM UTC 2026
MeeReizen Groei Run Wed Apr 29 08:00:01 AM UTC 2026
MeeReizen Groei Run Wed Apr 29 12:00:01 PM UTC 2026
MeeReizen Groei Run Wed Apr 29 04:00:01 PM UTC 2026
MeeReizen Groei Run Wed Apr 29 08:00:01 PM UTC 2026
MeeReizen Groei Run Thu Apr 30 08:00:01 AM UTC 2026
MeeReizen Groei Run Thu Apr 30 12:00:01 PM UTC 2026
MeeReizen Groei Run Thu Apr 30 04:00:01 PM UTC 2026
MeeReizen Groei Run Thu Apr 30 08:00:01 PM UTC 2026
MeeReizen Groei Run Fri May  1 08:00:01 AM UTC 2026
MeeReizen Groei Run Fri May  1 12:00:01 PM UTC 2026
MeeReizen Groei Run Fri May  1 04:00:01 PM UTC 2026
MeeReizen Groei Run Fri May  1 08:00:01 PM UTC 2026
MeeReizen Groei Run Sat May  2 08:00:01 AM UTC 2026
MeeReizen Groei Run Sat May  2 12:00:01 PM UTC 2026
MeeReizen Groei Run Sat May  2 04:00:01 PM UTC 2026
MeeReizen Groei Run Sat May  2 08:00:01 PM UTC 2026
MeeReizen Groei Run Sun May  3 08:00:01 AM UTC 2026
MeeReizen Groei Run Sun May  3 04:00:01 PM UTC 2026
MeeReizen Groei Run Sun May  3 08:00:01 PM UTC 2026
MeeReizen Groei Run Mon May  4 08:00:01 AM UTC 2026
MeeReizen Groei Run Mon May  4 12:00:01 PM UTC 2026
MeeReizen Groei Run Mon May  4 04:00:01 PM UTC 2026
MeeReizen Groei Run Mon May  4 08:00:01 PM UTC 2026
MeeReizen Groei Run Tue May  5 08:00:01 AM UTC 2026
MeeReizen Groei Run Tue May  5 12:00:01 PM UTC 2026
MeeReizen Groei Run Tue May  5 04:00:01 PM UTC 2026
MeeReizen Groei Run Tue May  5 08:00:01 PM UTC 2026
MeeReizen Groei Run Wed May  6 08:00:01 AM UTC 2026
MeeReizen Groei Run Wed May  6 12:00:01 PM UTC 2026
MeeReizen Groei Run Wed May  6 04:00:01 PM UTC 2026
MeeReizen Groei Run Wed May  6 08:00:01 PM UTC 2026
MeeReizen Groei Run Thu May  7 08:00:01 AM UTC 2026
MeeReizen Groei Run Thu May  7 12:00:01 PM UTC 2026
MeeReizen Groei Run Thu May  7 04:00:01 PM UTC 2026
MeeReizen Groei Run Thu May  7 08:00:01 PM UTC 2026
MeeReizen Groei Run Fri May  8 08:00:01 AM UTC 2026
MeeReizen Groei Run Fri May  8 12:00:01 PM UTC 2026
MeeReizen Groei Run Fri May  8 04:00:02 PM UTC 2026
MeeReizen Groei Run Fri May  8 08:00:01 PM UTC 2026
MeeReizen Groei Run Sat May  9 12:00:01 PM UTC 2026
MeeReizen Groei Run Sat May  9 04:00:01 PM UTC 2026
MeeReizen Groei Run Sat May  9 08:00:01 PM UTC 2026
MeeReizen Groei Run Sun May 10 08:00:01 AM UTC 2026
MeeReizen Groei Run Sun May 10 12:00:01 PM UTC 2026
MeeReizen Groei Run Sun May 10 04:00:01 PM UTC 2026
MeeReizen Groei Run Sun May 10 08:00:02 PM UTC 2026
MeeReizen Groei Run Mon May 11 08:00:01 AM UTC 2026
MeeReizen Groei Run Mon May 11 12:00:01 PM UTC 2026
MeeReizen Groei Run Mon May 11 04:00:02 PM UTC 2026
MeeReizen Groei Run Mon May 11 08:00:01 PM UTC 2026
MeeReizen Groei Run Tue May 12 08:00:01 AM UTC 2026
MeeReizen Groei Run Tue May 12 12:00:01 PM UTC 2026
MeeReizen Groei Run Tue May 12 04:00:01 PM UTC 2026
MeeReizen Groei Run Tue May 12 08:00:01 PM UTC 2026
MeeReizen Groei Run Wed May 13 08:00:01 AM UTC 2026
MeeReizen Groei Run Wed May 13 12:00:01 PM UTC 2026
MeeReizen Groei Run Wed May 13 04:00:02 PM UTC 2026
MeeReizen Groei Run Wed May 13 08:00:01 PM UTC 2026
MeeReizen Groei Run Thu May 14 08:00:02 AM UTC 2026
MeeReizen Groei Run Thu May 14 12:00:01 PM UTC 2026
MeeReizen Groei Run Thu May 14 04:00:01 PM UTC 2026
MeeReizen Groei Run Thu May 14 08:00:01 PM UTC 2026
MeeReizen Groei Run Fri May 15 08:00:01 AM UTC 2026
MeeReizen Groei Run Fri May 15 12:00:01 PM UTC 2026
MeeReizen Groei Run Fri May 15 04:00:01 PM UTC 2026
MeeReizen Groei Run Fri May 15 08:00:01 PM UTC 2026
MeeReizen Groei Run Sat May 16 08:00:01 AM UTC 2026
MeeReizen Groei Run Sat May 16 12:00:01 PM UTC 2026
MeeReizen Groei Run Sat May 16 04:00:01 PM UTC 2026
MeeReizen Groei Run Sat May 16 08:00:01 PM UTC 2026
MeeReizen Groei Run Sun May 17 08:00:01 AM UTC 2026
MeeReizen Groei Run Sun May 17 12:00:02 PM UTC 2026
MeeReizen Groei Run Sun May 17 04:00:01 PM UTC 2026
MeeReizen Groei Run Sun May 17 08:00:01 PM UTC 2026
MeeReizen Groei Run Mon May 18 08:00:01 AM UTC 2026
MeeReizen Groei Run Mon May 18 12:00:01 PM UTC 2026
MeeReizen Groei Run Mon May 18 04:00:01 PM UTC 2026
MeeReizen Groei Run Mon May 18 08:00:01 PM UTC 2026
MeeReizen Groei Run Tue May 19 08:00:01 AM UTC 2026
MeeReizen Groei Run Tue May 19 12:00:01 PM UTC 2026
MeeReizen Groei Run Tue May 19 04:00:01 PM UTC 2026
MeeReizen Groei Run Tue May 19 08:00:01 PM UTC 2026
MeeReizen Groei Run Wed May 20 08:00:01 AM UTC 2026
MeeReizen Groei Run Wed May 20 12:00:01 PM UTC 2026
MeeReizen Groei Run Wed May 20 04:00:01 PM UTC 2026
MeeReizen Groei Run Wed May 20 08:00:01 PM UTC 2026
MeeReizen Groei Run Thu May 21 08:00:01 AM UTC 2026
MeeReizen Groei Run Thu May 21 12:00:01 PM UTC 2026
MeeReizen Groei Run Thu May 21 04:00:01 PM UTC 2026
MeeReizen Groei Run Thu May 21 08:00:01 PM UTC 2026
MeeReizen Groei Run Fri May 22 08:00:01 AM UTC 2026
MeeReizen Groei Run Fri May 22 12:00:01 PM UTC 2026
MeeReizen Groei Run Fri May 22 04:00:01 PM UTC 2026
MeeReizen Groei Run Fri May 22 08:00:01 PM UTC 2026
MeeReizen Groei Run Sat May 23 08:00:01 AM UTC 2026
MeeReizen Groei Run Sat May 23 12:00:01 PM UTC 2026
MeeReizen Groei Run Sat May 23 04:00:01 PM UTC 2026
MeeReizen Groei Run Sat May 23 08:00:02 PM UTC 2026
MeeReizen Groei Run Sun May 24 08:00:01 AM UTC 2026
MeeReizen Groei Run Sun May 24 12:00:01 PM UTC 2026
MeeReizen Groei Run Sun May 24 04:00:01 PM UTC 2026
MeeReizen Groei Run Sun May 24 08:00:01 PM UTC 2026
MeeReizen Groei Run Mon May 25 08:00:01 AM UTC 2026
MeeReizen Groei Run Mon May 25 12:00:01 PM UTC 2026
MeeReizen Groei Run Mon May 25 04:00:01 PM UTC 2026
MeeReizen Groei Run Mon May 25 08:00:01 PM UTC 2026
MeeReizen Groei Run Tue May 26 08:00:01 AM UTC 2026
MeeReizen Groei Run Tue May 26 12:00:01 PM UTC 2026
MeeReizen Groei Run Tue May 26 04:00:01 PM UTC 2026
MeeReizen Groei Run Tue May 26 08:00:01 PM UTC 2026
MeeReizen Groei Run Wed May 27 08:00:01 AM UTC 2026
MeeReizen Groei Run Wed May 27 12:00:01 PM UTC 2026
MeeReizen Groei Run Wed May 27 04:00:01 PM UTC 2026
MeeReizen Groei Run Wed May 27 08:00:01 PM UTC 2026
MeeReizen Groei Run Thu May 28 08:00:01 AM UTC 2026
MeeReizen Groei Run Thu May 28 12:00:01 PM UTC 2026
MeeReizen Groei Run Thu May 28 04:00:01 PM UTC 2026
MeeReizen Groei Run Thu May 28 08:00:01 PM UTC 2026
MeeReizen Groei Run Fri May 29 08:00:01 AM UTC 2026
MeeReizen Groei Run Fri May 29 12:00:01 PM UTC 2026
MeeReizen Groei Run Fri May 29 04:00:01 PM UTC 2026
MeeReizen Groei Run Fri May 29 08:00:01 PM UTC 2026
MeeReizen Groei Run Sat May 30 08:00:01 AM UTC 2026
MeeReizen Groei Run Sat May 30 12:00:01 PM UTC 2026
MeeReizen Groei Run Sat May 30 04:00:01 PM UTC 2026
MeeReizen Groei Run Sat May 30 08:00:01 PM UTC 2026
MeeReizen Groei Run Sun May 31 08:00:01 AM UTC 2026
MeeReizen Groei Run Sun May 31 12:00:01 PM UTC 2026
MeeReizen Groei Run Sun May 31 04:00:01 PM UTC 2026
MeeReizen Groei Run Sun May 31 08:00:01 PM UTC 2026
MeeReizen Groei Run Mon Jun  1 08:00:01 AM UTC 2026
MeeReizen Groei Run Mon Jun  1 12:00:01 PM UTC 2026
MeeReizen Groei Run Mon Jun  1 04:00:01 PM UTC 2026
MeeReizen Groei Run Mon Jun  1 08:00:01 PM UTC 2026
MeeReizen Groei Run Tue Jun  2 08:00:01 AM UTC 2026
MeeReizen Groei Run Tue Jun  2 12:00:01 PM UTC 2026
MeeReizen Groei Run Tue Jun  2 04:00:01 PM UTC 2026
MeeReizen Groei Run Tue Jun  2 08:00:02 PM UTC 2026
MeeReizen Groei Run Wed Jun  3 08:00:02 AM UTC 2026
MeeReizen Groei Run Wed Jun  3 12:00:01 PM UTC 2026
MeeReizen Groei Run Wed Jun  3 04:00:01 PM UTC 2026
MeeReizen Groei Run Wed Jun  3 08:00:01 PM UTC 2026
MeeReizen Groei Run Thu Jun  4 08:00:01 AM UTC 2026
MeeReizen Groei Run Thu Jun  4 12:00:02 PM UTC 2026
MeeReizen Groei Run Thu Jun  4 04:00:01 PM UTC 2026
MeeReizen Groei Run Thu Jun  4 08:00:01 PM UTC 2026
MeeReizen Groei Run Fri Jun  5 08:00:01 AM UTC 2026
MeeReizen Groei Run Fri Jun  5 12:00:01 PM UTC 2026
MeeReizen Groei Run Fri Jun  5 04:00:01 PM UTC 2026
MeeReizen Groei Run Fri Jun  5 08:00:01 PM UTC 2026
MeeReizen Groei Run Sat Jun  6 08:00:01 AM UTC 2026
MeeReizen Groei Run Sat Jun  6 12:00:01 PM UTC 2026
